// Jest Snapshot v1, https://goo.gl/fbAQLP

exports[`Login Component renders correctly 1`] = `
<Connect(Layout)>
  <h1
    className="page-title"
  >
    Login Page
  </h1>
  <LoginForm
    emailValue=""
    handleEmailChange={[Function]}
    handlePasswordChange={[Function]}
    handleSubmit={[Function]}
    myClassName="form signup"
    passwordValue=""
  />
  <div
    className="server-response"
  />
</Connect(Layout)>
`;
